2016-07-17 - 2.26%errors
